error1
jhjhkjh
knlkn